[2026-06-04T06:46:47.137+0000] {local_task_job_runner.py:123} INFO - ::group::Pre task execution logs
[2026-06-04T06:46:47.165+0000] {taskinstance.py:2613} INFO - Dependencies all met for dep_context=non-requeueable deps ti=<TaskInstance: create_performance_mart.create_performance_mart manual__2026-06-04T06:46:46.710700+00:00 [queued]>
[2026-06-04T06:46:47.181+0000] {taskinstance.py:2613} INFO - Dependencies all met for dep_context=requeueable deps ti=<TaskInstance: create_performance_mart.create_performance_mart manual__2026-06-04T06:46:46.710700+00:00 [queued]>
[2026-06-04T06:46:47.189+0000] {taskinstance.py:2866} INFO - Starting attempt 1 of 2
[2026-06-04T06:46:47.203+0000] {taskinstance.py:2889} INFO - Executing <Task(PythonOperator): create_performance_mart> on 2026-06-04 06:46:46.710700+00:00
[2026-06-04T06:46:47.218+0000] {standard_task_runner.py:104} INFO - Running: ['***', 'tasks', 'run', 'create_performance_mart', 'create_performance_mart', 'manual__2026-06-04T06:46:46.710700+00:00', '--job-id', '66', '--raw', '--subdir', 'DAGS_FOLDER/create_performance_mart_dag.py', '--cfg-path', '/tmp/tmppetuiiev']
[2026-06-04T06:46:47.222+0000] {logging_mixin.py:190} WARNING - /home/***/.local/lib/python3.12/site-packages/***/task/task_runner/standard_task_runner.py:70 DeprecationWarning: This process (pid=195) is multi-threaded, use of fork() may lead to deadlocks in the child.
[2026-06-04T06:46:47.223+0000] {standard_task_runner.py:105} INFO - Job 66: Subtask create_performance_mart
[2026-06-04T06:46:47.223+0000] {standard_task_runner.py:72} INFO - Started process 196 to run task
[2026-06-04T06:46:47.284+0000] {task_command.py:467} INFO - Running <TaskInstance: create_performance_mart.create_performance_mart manual__2026-06-04T06:46:46.710700+00:00 [running]> on host 1f90c0a11457
[2026-06-04T06:46:47.387+0000] {taskinstance.py:3132} INFO - Exporting env vars: AIRFLOW_CTX_DAG_OWNER='***' AIRFLOW_CTX_DAG_ID='create_performance_mart' AIRFLOW_CTX_TASK_ID='create_performance_mart' AIRFLOW_CTX_EXECUTION_DATE='2026-06-04T06:46:46.710700+00:00' AIRFLOW_CTX_TRY_NUMBER='1' AIRFLOW_CTX_DAG_RUN_ID='manual__2026-06-04T06:46:46.710700+00:00'
[2026-06-04T06:46:47.388+0000] {taskinstance.py:731} INFO - ::endgroup::
[2026-06-04T06:46:47.422+0000] {logging_mixin.py:190} INFO - Схема dmr создана.
[2026-06-04T06:46:47.439+0000] {logging_mixin.py:190} INFO - Таблица dmr.analytics_student_performance создана.
[2026-06-04T06:46:48.986+0000] {logging_mixin.py:190} INFO - Витрина заполнена. Добавлено/обновлено записей: 272
[2026-06-04T06:46:48.991+0000] {logging_mixin.py:190} INFO - 
✅ Витрина успешно создана/обновлена!
[2026-06-04T06:46:48.992+0000] {logging_mixin.py:190} INFO - Соединение закрыто.
[2026-06-04T06:46:48.992+0000] {python.py:240} INFO - Done. Returned value was: None
[2026-06-04T06:46:49.002+0000] {taskinstance.py:340} INFO - ::group::Post task execution logs
[2026-06-04T06:46:49.003+0000] {taskinstance.py:352} INFO - Marking task as SUCCESS. dag_id=create_performance_mart, task_id=create_performance_mart, run_id=manual__2026-06-04T06:46:46.710700+00:00, execution_date=20260604T064646, start_date=20260604T064647, end_date=20260604T064649
[2026-06-04T06:46:49.047+0000] {local_task_job_runner.py:266} INFO - Task exited with return code 0
[2026-06-04T06:46:49.066+0000] {taskinstance.py:3895} INFO - 0 downstream tasks scheduled from follow-on schedule check
[2026-06-04T06:46:49.068+0000] {local_task_job_runner.py:245} INFO - ::endgroup::
