[2026-06-04T06:41:42.024+0000] {local_task_job_runner.py:123} INFO - ::group::Pre task execution logs
[2026-06-04T06:41:42.057+0000] {taskinstance.py:2613} INFO - Dependencies all met for dep_context=non-requeueable deps ti=<TaskInstance: create_performance_mart.create_performance_mart manual__2026-06-04T06:36:40.188860+00:00 [queued]>
[2026-06-04T06:41:42.071+0000] {taskinstance.py:2613} INFO - Dependencies all met for dep_context=requeueable deps ti=<TaskInstance: create_performance_mart.create_performance_mart manual__2026-06-04T06:36:40.188860+00:00 [queued]>
[2026-06-04T06:41:42.079+0000] {taskinstance.py:2866} INFO - Starting attempt 2 of 2
[2026-06-04T06:41:42.101+0000] {taskinstance.py:2889} INFO - Executing <Task(PythonOperator): create_performance_mart> on 2026-06-04 06:36:40.188860+00:00
[2026-06-04T06:41:42.118+0000] {standard_task_runner.py:104} INFO - Running: ['***', 'tasks', 'run', 'create_performance_mart', 'create_performance_mart', 'manual__2026-06-04T06:36:40.188860+00:00', '--job-id', '62', '--raw', '--subdir', 'DAGS_FOLDER/create_performance_mart_dag.py', '--cfg-path', '/tmp/tmp_t9uaqoh']
[2026-06-04T06:41:42.121+0000] {logging_mixin.py:190} WARNING - /home/***/.local/lib/python3.12/site-packages/***/task/task_runner/standard_task_runner.py:70 DeprecationWarning: This process (pid=360) is multi-threaded, use of fork() may lead to deadlocks in the child.
[2026-06-04T06:41:42.123+0000] {standard_task_runner.py:105} INFO - Job 62: Subtask create_performance_mart
[2026-06-04T06:41:42.123+0000] {standard_task_runner.py:72} INFO - Started process 361 to run task
[2026-06-04T06:41:42.216+0000] {task_command.py:467} INFO - Running <TaskInstance: create_performance_mart.create_performance_mart manual__2026-06-04T06:36:40.188860+00:00 [running]> on host 1f90c0a11457
[2026-06-04T06:41:42.351+0000] {taskinstance.py:3132} INFO - Exporting env vars: AIRFLOW_CTX_DAG_OWNER='***' AIRFLOW_CTX_DAG_ID='create_performance_mart' AIRFLOW_CTX_TASK_ID='create_performance_mart' AIRFLOW_CTX_EXECUTION_DATE='2026-06-04T06:36:40.188860+00:00' AIRFLOW_CTX_TRY_NUMBER='2' AIRFLOW_CTX_DAG_RUN_ID='manual__2026-06-04T06:36:40.188860+00:00'
[2026-06-04T06:41:42.354+0000] {taskinstance.py:731} INFO - ::endgroup::
[2026-06-04T06:41:42.438+0000] {logging_mixin.py:190} INFO - Ошибка подключения к БД: 'utf-8' codec can't decode byte 0xc2 in position 83: invalid continuation byte
[2026-06-04T06:41:42.439+0000] {taskinstance.py:3313} ERROR - Task failed due to SystemExit(1)
[2026-06-04T06:41:42.452+0000] {taskinstance.py:1225} INFO - Marking task as FAILED. dag_id=create_performance_mart, task_id=create_performance_mart, run_id=manual__2026-06-04T06:36:40.188860+00:00, execution_date=20260604T063640, start_date=20260604T064142, end_date=20260604T064142
[2026-06-04T06:41:42.475+0000] {taskinstance.py:340} INFO - ::group::Post task execution logs
[2026-06-04T06:41:42.476+0000] {standard_task_runner.py:124} ERROR - Failed to execute job 62 for task create_performance_mart (Task failed due to SystemExit(1); 361)
Traceback (most recent call last):
  File "/opt/airflow/dags/scripts/build_performance_mart.py", line 25, in get_connection
    conn = psycopg2.connect(**config)
           ^^^^^^^^^^^^^^^^^^^^^^^^^^
  File "/home/airflow/.local/lib/python3.12/site-packages/psycopg2/__init__.py", line 122, in connect
    conn = _connect(dsn, connection_factory=connection_factory, **kwasync)
           ^^^^^^^^^^^^^^^^^^^^^^^^^^^^^^^^^^^^^^^^^^^^^^^^^^^^^^^^^^^^^^^
UnicodeDecodeError: 'utf-8' codec can't decode byte 0xc2 in position 83: invalid continuation byte

During handling of the above exception, another exception occurred:

Traceback (most recent call last):
  File "/home/airflow/.local/lib/python3.12/site-packages/airflow/models/taskinstance.py", line 273, in _run_raw_task
    TaskInstance._execute_task_with_callbacks(
  File "/home/airflow/.local/lib/python3.12/site-packages/airflow/models/taskinstance.py", line 3159, in _execute_task_with_callbacks
    result = self._execute_task(context, task_orig)
             ^^^^^^^^^^^^^^^^^^^^^^^^^^^^^^^^^^^^^^
  File "/home/airflow/.local/lib/python3.12/site-packages/airflow/models/taskinstance.py", line 3183, in _execute_task
    return _execute_task(self, context, task_orig)
           ^^^^^^^^^^^^^^^^^^^^^^^^^^^^^^^^^^^^^^^
  File "/home/airflow/.local/lib/python3.12/site-packages/airflow/models/taskinstance.py", line 767, in _execute_task
    result = _execute_callable(context=context, **execute_callable_kwargs)
             ^^^^^^^^^^^^^^^^^^^^^^^^^^^^^^^^^^^^^^^^^^^^^^^^^^^^^^^^^^^^^
  File "/home/airflow/.local/lib/python3.12/site-packages/airflow/models/taskinstance.py", line 733, in _execute_callable
    return ExecutionCallableRunner(
           ^^^^^^^^^^^^^^^^^^^^^^^^
  File "/home/airflow/.local/lib/python3.12/site-packages/airflow/utils/operator_helpers.py", line 252, in run
    return self.func(*args, **kwargs)
           ^^^^^^^^^^^^^^^^^^^^^^^^^^
  File "/home/airflow/.local/lib/python3.12/site-packages/airflow/models/baseoperator.py", line 422, in wrapper
    return func(self, *args, **kwargs)
           ^^^^^^^^^^^^^^^^^^^^^^^^^^^
  File "/home/airflow/.local/lib/python3.12/site-packages/airflow/operators/python.py", line 238, in execute
    return_value = self.execute_callable()
                   ^^^^^^^^^^^^^^^^^^^^^^^
  File "/home/airflow/.local/lib/python3.12/site-packages/airflow/operators/python.py", line 256, in execute_callable
    return runner.run(*self.op_args, **self.op_kwargs)
           ^^^^^^^^^^^^^^^^^^^^^^^^^^^^^^^^^^^^^^^^^^^
  File "/home/airflow/.local/lib/python3.12/site-packages/airflow/utils/operator_helpers.py", line 252, in run
    return self.func(*args, **kwargs)
           ^^^^^^^^^^^^^^^^^^^^^^^^^^
  File "/opt/airflow/dags/scripts/build_performance_mart.py", line 198, in main
    conn = get_connection()
           ^^^^^^^^^^^^^^^^
  File "/opt/airflow/dags/scripts/build_performance_mart.py", line 30, in get_connection
    sys.exit(1)
SystemExit: 1

During handling of the above exception, another exception occurred:

Traceback (most recent call last):
  File "/home/airflow/.local/lib/python3.12/site-packages/airflow/task/task_runner/standard_task_runner.py", line 117, in _start_by_fork
    ret = args.func(args, dag=self.dag)
          ^^^^^^^^^^^^^^^^^^^^^^^^^^^^^
  File "/home/airflow/.local/lib/python3.12/site-packages/airflow/cli/cli_config.py", line 49, in command
    return func(*args, **kwargs)
           ^^^^^^^^^^^^^^^^^^^^^
  File "/home/airflow/.local/lib/python3.12/site-packages/airflow/utils/cli.py", line 116, in wrapper
    return f(*args, **kwargs)
           ^^^^^^^^^^^^^^^^^^
  File "/home/airflow/.local/lib/python3.12/site-packages/airflow/cli/commands/task_command.py", line 483, in task_run
    task_return_code = _run_task_by_selected_method(args, _dag, ti)
                       ^^^^^^^^^^^^^^^^^^^^^^^^^^^^^^^^^^^^^^^^^^^^
  File "/home/airflow/.local/lib/python3.12/site-packages/airflow/cli/commands/task_command.py", line 256, in _run_task_by_selected_method
    return _run_raw_task(args, ti)
           ^^^^^^^^^^^^^^^^^^^^^^^
  File "/home/airflow/.local/lib/python3.12/site-packages/airflow/cli/commands/task_command.py", line 341, in _run_raw_task
    return ti._run_raw_task(
           ^^^^^^^^^^^^^^^^^
  File "/home/airflow/.local/lib/python3.12/site-packages/airflow/utils/session.py", line 97, in wrapper
    return func(*args, session=session, **kwargs)
           ^^^^^^^^^^^^^^^^^^^^^^^^^^^^^^^^^^^^^^
  File "/home/airflow/.local/lib/python3.12/site-packages/airflow/models/taskinstance.py", line 3005, in _run_raw_task
    return _run_raw_task(
           ^^^^^^^^^^^^^^
  File "/home/airflow/.local/lib/python3.12/site-packages/airflow/models/taskinstance.py", line 334, in _run_raw_task
    raise AirflowException(msg)
airflow.exceptions.AirflowException: Task failed due to SystemExit(1)
[2026-06-04T06:41:42.502+0000] {local_task_job_runner.py:266} INFO - Task exited with return code 1
[2026-06-04T06:41:42.525+0000] {taskinstance.py:3895} INFO - 0 downstream tasks scheduled from follow-on schedule check
[2026-06-04T06:41:42.533+0000] {local_task_job_runner.py:245} INFO - ::endgroup::
