[2026-06-04T06:46:01.775+0000] {local_task_job_runner.py:123} INFO - ::group::Pre task execution logs
[2026-06-04T06:46:01.796+0000] {taskinstance.py:2613} INFO - Dependencies all met for dep_context=non-requeueable deps ti=<TaskInstance: create_analytics_mart.create_student_mart manual__2026-06-04T06:40:59.966679+00:00 [queued]>
[2026-06-04T06:46:01.805+0000] {taskinstance.py:2613} INFO - Dependencies all met for dep_context=requeueable deps ti=<TaskInstance: create_analytics_mart.create_student_mart manual__2026-06-04T06:40:59.966679+00:00 [queued]>
[2026-06-04T06:46:01.812+0000] {taskinstance.py:2866} INFO - Starting attempt 2 of 2
[2026-06-04T06:46:01.827+0000] {taskinstance.py:2889} INFO - Executing <Task(PythonOperator): create_student_mart> on 2026-06-04 06:40:59.966679+00:00
[2026-06-04T06:46:01.837+0000] {standard_task_runner.py:104} INFO - Running: ['***', 'tasks', 'run', 'create_analytics_mart', 'create_student_mart', 'manual__2026-06-04T06:40:59.966679+00:00', '--job-id', '63', '--raw', '--subdir', 'DAGS_FOLDER/create_mart_dag.py', '--cfg-path', '/tmp/tmp45xw27h3']
[2026-06-04T06:46:01.840+0000] {logging_mixin.py:190} WARNING - /home/***/.local/lib/python3.12/site-packages/***/task/task_runner/standard_task_runner.py:70 DeprecationWarning: This process (pid=509) is multi-threaded, use of fork() may lead to deadlocks in the child.
[2026-06-04T06:46:01.840+0000] {standard_task_runner.py:105} INFO - Job 63: Subtask create_student_mart
[2026-06-04T06:46:01.841+0000] {standard_task_runner.py:72} INFO - Started process 510 to run task
[2026-06-04T06:46:01.900+0000] {task_command.py:467} INFO - Running <TaskInstance: create_analytics_mart.create_student_mart manual__2026-06-04T06:40:59.966679+00:00 [running]> on host 1f90c0a11457
[2026-06-04T06:46:02.001+0000] {taskinstance.py:3132} INFO - Exporting env vars: AIRFLOW_CTX_DAG_OWNER='***' AIRFLOW_CTX_DAG_ID='create_analytics_mart' AIRFLOW_CTX_TASK_ID='create_student_mart' AIRFLOW_CTX_EXECUTION_DATE='2026-06-04T06:40:59.966679+00:00' AIRFLOW_CTX_TRY_NUMBER='2' AIRFLOW_CTX_DAG_RUN_ID='manual__2026-06-04T06:40:59.966679+00:00'
[2026-06-04T06:46:02.002+0000] {taskinstance.py:731} INFO - ::endgroup::
[2026-06-04T06:46:02.021+0000] {logging_mixin.py:190} INFO - Подключение к host.docker.internal:5433 ...
[2026-06-04T06:46:02.865+0000] {logging_mixin.py:190} INFO - Витрина обновлена. Записей: 272
[2026-06-04T06:46:02.866+0000] {logging_mixin.py:190} INFO - Витрина успешно создана/обновлена.
[2026-06-04T06:46:02.869+0000] {python.py:240} INFO - Done. Returned value was: None
[2026-06-04T06:46:02.880+0000] {taskinstance.py:340} INFO - ::group::Post task execution logs
[2026-06-04T06:46:02.881+0000] {taskinstance.py:352} INFO - Marking task as SUCCESS. dag_id=create_analytics_mart, task_id=create_student_mart, run_id=manual__2026-06-04T06:40:59.966679+00:00, execution_date=20260604T064059, start_date=20260604T064601, end_date=20260604T064602
[2026-06-04T06:46:02.941+0000] {local_task_job_runner.py:266} INFO - Task exited with return code 0
[2026-06-04T06:46:02.960+0000] {taskinstance.py:3895} INFO - 0 downstream tasks scheduled from follow-on schedule check
[2026-06-04T06:46:02.963+0000] {local_task_job_runner.py:245} INFO - ::endgroup::
