[2026-06-02T12:54:47.172+0000] {processor.py:186} INFO - Started process (PID=176) to work on /opt/airflow/dags/create_mart_dag.py
[2026-06-02T12:54:47.174+0000] {processor.py:914} INFO - Processing file /opt/airflow/dags/create_mart_dag.py for tasks to queue
[2026-06-02T12:54:47.178+0000] {logging_mixin.py:190} INFO - [2026-06-02T12:54:47.177+0000] {dagbag.py:588} INFO - Filling up the DagBag from /opt/airflow/dags/create_mart_dag.py
[2026-06-02T12:54:47.250+0000] {processor.py:925} INFO - DAG(s) 'create_analytics_mart' retrieved from /opt/airflow/dags/create_mart_dag.py
[2026-06-02T12:54:47.518+0000] {logging_mixin.py:190} INFO - [2026-06-02T12:54:47.517+0000] {override.py:1911} INFO - Created Permission View: can delete on DAG:create_analytics_mart
[2026-06-02T12:54:47.527+0000] {logging_mixin.py:190} INFO - [2026-06-02T12:54:47.527+0000] {override.py:1911} INFO - Created Permission View: can edit on DAG:create_analytics_mart
[2026-06-02T12:54:47.535+0000] {logging_mixin.py:190} INFO - [2026-06-02T12:54:47.534+0000] {override.py:1911} INFO - Created Permission View: can read on DAG:create_analytics_mart
[2026-06-02T12:54:47.545+0000] {logging_mixin.py:190} INFO - [2026-06-02T12:54:47.544+0000] {override.py:1911} INFO - Created Permission View: can create on DAG Run:create_analytics_mart
[2026-06-02T12:54:47.552+0000] {logging_mixin.py:190} INFO - [2026-06-02T12:54:47.552+0000] {override.py:1911} INFO - Created Permission View: can delete on DAG Run:create_analytics_mart
[2026-06-02T12:54:47.558+0000] {logging_mixin.py:190} INFO - [2026-06-02T12:54:47.558+0000] {override.py:1911} INFO - Created Permission View: can read on DAG Run:create_analytics_mart
[2026-06-02T12:54:47.564+0000] {logging_mixin.py:190} INFO - [2026-06-02T12:54:47.564+0000] {override.py:1911} INFO - Created Permission View: menu access on DAG Run:create_analytics_mart
[2026-06-02T12:54:47.565+0000] {logging_mixin.py:190} INFO - [2026-06-02T12:54:47.565+0000] {dag.py:3239} INFO - Sync 1 DAGs
[2026-06-02T12:54:47.576+0000] {logging_mixin.py:190} INFO - [2026-06-02T12:54:47.576+0000] {dag.py:3262} INFO - Creating ORM DAG for create_analytics_mart
[2026-06-02T12:54:47.588+0000] {logging_mixin.py:190} INFO - [2026-06-02T12:54:47.588+0000] {dag.py:4180} INFO - Setting next_dagrun for create_analytics_mart to 2026-06-01 02:00:00+00:00, run_after=2026-06-02 02:00:00+00:00
[2026-06-02T12:54:47.607+0000] {processor.py:208} INFO - Processing /opt/airflow/dags/create_mart_dag.py took 0.451 seconds
[2026-06-02T12:55:17.865+0000] {processor.py:186} INFO - Started process (PID=187) to work on /opt/airflow/dags/create_mart_dag.py
[2026-06-02T12:55:17.867+0000] {processor.py:914} INFO - Processing file /opt/airflow/dags/create_mart_dag.py for tasks to queue
[2026-06-02T12:55:17.873+0000] {logging_mixin.py:190} INFO - [2026-06-02T12:55:17.872+0000] {dagbag.py:588} INFO - Filling up the DagBag from /opt/airflow/dags/create_mart_dag.py
[2026-06-02T12:55:17.914+0000] {processor.py:925} INFO - DAG(s) 'create_analytics_mart' retrieved from /opt/airflow/dags/create_mart_dag.py
[2026-06-02T12:55:17.960+0000] {logging_mixin.py:190} INFO - [2026-06-02T12:55:17.959+0000] {dag.py:3239} INFO - Sync 1 DAGs
[2026-06-02T12:55:17.996+0000] {logging_mixin.py:190} INFO - [2026-06-02T12:55:17.996+0000] {dag.py:4180} INFO - Setting next_dagrun for create_analytics_mart to 2026-06-01 02:00:00+00:00, run_after=2026-06-02 02:00:00+00:00
[2026-06-02T12:55:18.029+0000] {processor.py:208} INFO - Processing /opt/airflow/dags/create_mart_dag.py took 0.179 seconds
[2026-06-02T12:55:48.089+0000] {processor.py:186} INFO - Started process (PID=198) to work on /opt/airflow/dags/create_mart_dag.py
[2026-06-02T12:55:48.090+0000] {processor.py:914} INFO - Processing file /opt/airflow/dags/create_mart_dag.py for tasks to queue
[2026-06-02T12:55:48.092+0000] {logging_mixin.py:190} INFO - [2026-06-02T12:55:48.092+0000] {dagbag.py:588} INFO - Filling up the DagBag from /opt/airflow/dags/create_mart_dag.py
[2026-06-02T12:55:48.121+0000] {processor.py:925} INFO - DAG(s) 'create_analytics_mart' retrieved from /opt/airflow/dags/create_mart_dag.py
[2026-06-02T12:55:48.149+0000] {logging_mixin.py:190} INFO - [2026-06-02T12:55:48.148+0000] {dag.py:3239} INFO - Sync 1 DAGs
[2026-06-02T12:55:48.178+0000] {logging_mixin.py:190} INFO - [2026-06-02T12:55:48.178+0000] {dag.py:4180} INFO - Setting next_dagrun for create_analytics_mart to 2026-06-01 02:00:00+00:00, run_after=2026-06-02 02:00:00+00:00
[2026-06-02T12:55:48.195+0000] {processor.py:208} INFO - Processing /opt/airflow/dags/create_mart_dag.py took 0.112 seconds
[2026-06-02T12:56:18.337+0000] {processor.py:186} INFO - Started process (PID=215) to work on /opt/airflow/dags/create_mart_dag.py
[2026-06-02T12:56:18.338+0000] {processor.py:914} INFO - Processing file /opt/airflow/dags/create_mart_dag.py for tasks to queue
[2026-06-02T12:56:18.341+0000] {logging_mixin.py:190} INFO - [2026-06-02T12:56:18.341+0000] {dagbag.py:588} INFO - Filling up the DagBag from /opt/airflow/dags/create_mart_dag.py
[2026-06-02T12:56:18.372+0000] {processor.py:925} INFO - DAG(s) 'create_analytics_mart' retrieved from /opt/airflow/dags/create_mart_dag.py
[2026-06-02T12:56:18.399+0000] {logging_mixin.py:190} INFO - [2026-06-02T12:56:18.399+0000] {dag.py:3239} INFO - Sync 1 DAGs
[2026-06-02T12:56:18.419+0000] {logging_mixin.py:190} INFO - [2026-06-02T12:56:18.419+0000] {dag.py:4180} INFO - Setting next_dagrun for create_analytics_mart to 2026-06-02 02:00:00+00:00, run_after=2026-06-03 02:00:00+00:00
[2026-06-02T12:56:18.435+0000] {processor.py:208} INFO - Processing /opt/airflow/dags/create_mart_dag.py took 0.104 seconds
[2026-06-02T12:56:48.685+0000] {processor.py:186} INFO - Started process (PID=227) to work on /opt/airflow/dags/create_mart_dag.py
[2026-06-02T12:56:48.686+0000] {processor.py:914} INFO - Processing file /opt/airflow/dags/create_mart_dag.py for tasks to queue
[2026-06-02T12:56:48.691+0000] {logging_mixin.py:190} INFO - [2026-06-02T12:56:48.690+0000] {dagbag.py:588} INFO - Filling up the DagBag from /opt/airflow/dags/create_mart_dag.py
[2026-06-02T12:56:48.727+0000] {processor.py:925} INFO - DAG(s) 'create_analytics_mart' retrieved from /opt/airflow/dags/create_mart_dag.py
[2026-06-02T12:56:48.770+0000] {logging_mixin.py:190} INFO - [2026-06-02T12:56:48.770+0000] {dag.py:3239} INFO - Sync 1 DAGs
[2026-06-02T12:56:48.801+0000] {logging_mixin.py:190} INFO - [2026-06-02T12:56:48.801+0000] {dag.py:4180} INFO - Setting next_dagrun for create_analytics_mart to 2026-06-02 02:00:00+00:00, run_after=2026-06-03 02:00:00+00:00
[2026-06-02T12:56:48.824+0000] {processor.py:208} INFO - Processing /opt/airflow/dags/create_mart_dag.py took 0.149 seconds
[2026-06-02T12:57:18.954+0000] {processor.py:186} INFO - Started process (PID=238) to work on /opt/airflow/dags/create_mart_dag.py
[2026-06-02T12:57:18.955+0000] {processor.py:914} INFO - Processing file /opt/airflow/dags/create_mart_dag.py for tasks to queue
[2026-06-02T12:57:18.957+0000] {logging_mixin.py:190} INFO - [2026-06-02T12:57:18.957+0000] {dagbag.py:588} INFO - Filling up the DagBag from /opt/airflow/dags/create_mart_dag.py
[2026-06-02T12:57:18.990+0000] {processor.py:925} INFO - DAG(s) 'create_analytics_mart' retrieved from /opt/airflow/dags/create_mart_dag.py
[2026-06-02T12:57:19.023+0000] {logging_mixin.py:190} INFO - [2026-06-02T12:57:19.023+0000] {dag.py:3239} INFO - Sync 1 DAGs
[2026-06-02T12:57:19.053+0000] {logging_mixin.py:190} INFO - [2026-06-02T12:57:19.053+0000] {dag.py:4180} INFO - Setting next_dagrun for create_analytics_mart to 2026-06-02 02:00:00+00:00, run_after=2026-06-03 02:00:00+00:00
[2026-06-02T12:57:19.082+0000] {processor.py:208} INFO - Processing /opt/airflow/dags/create_mart_dag.py took 0.134 seconds
[2026-06-02T12:57:49.338+0000] {processor.py:186} INFO - Started process (PID=249) to work on /opt/airflow/dags/create_mart_dag.py
[2026-06-02T12:57:49.340+0000] {processor.py:914} INFO - Processing file /opt/airflow/dags/create_mart_dag.py for tasks to queue
[2026-06-02T12:57:49.346+0000] {logging_mixin.py:190} INFO - [2026-06-02T12:57:49.345+0000] {dagbag.py:588} INFO - Filling up the DagBag from /opt/airflow/dags/create_mart_dag.py
[2026-06-02T12:57:49.381+0000] {processor.py:925} INFO - DAG(s) 'create_analytics_mart' retrieved from /opt/airflow/dags/create_mart_dag.py
[2026-06-02T12:57:49.424+0000] {logging_mixin.py:190} INFO - [2026-06-02T12:57:49.424+0000] {dag.py:3239} INFO - Sync 1 DAGs
[2026-06-02T12:57:49.460+0000] {logging_mixin.py:190} INFO - [2026-06-02T12:57:49.460+0000] {dag.py:4180} INFO - Setting next_dagrun for create_analytics_mart to 2026-06-02 02:00:00+00:00, run_after=2026-06-03 02:00:00+00:00
[2026-06-02T12:57:49.483+0000] {processor.py:208} INFO - Processing /opt/airflow/dags/create_mart_dag.py took 0.153 seconds
[2026-06-02T12:58:19.584+0000] {processor.py:186} INFO - Started process (PID=263) to work on /opt/airflow/dags/create_mart_dag.py
[2026-06-02T12:58:19.585+0000] {processor.py:914} INFO - Processing file /opt/airflow/dags/create_mart_dag.py for tasks to queue
[2026-06-02T12:58:19.588+0000] {logging_mixin.py:190} INFO - [2026-06-02T12:58:19.587+0000] {dagbag.py:588} INFO - Filling up the DagBag from /opt/airflow/dags/create_mart_dag.py
[2026-06-02T12:58:19.616+0000] {processor.py:925} INFO - DAG(s) 'create_analytics_mart' retrieved from /opt/airflow/dags/create_mart_dag.py
[2026-06-02T12:58:19.647+0000] {logging_mixin.py:190} INFO - [2026-06-02T12:58:19.646+0000] {dag.py:3239} INFO - Sync 1 DAGs
[2026-06-02T12:58:19.679+0000] {logging_mixin.py:190} INFO - [2026-06-02T12:58:19.679+0000] {dag.py:4180} INFO - Setting next_dagrun for create_analytics_mart to 2026-06-02 02:00:00+00:00, run_after=2026-06-03 02:00:00+00:00
[2026-06-02T12:58:19.708+0000] {processor.py:208} INFO - Processing /opt/airflow/dags/create_mart_dag.py took 0.130 seconds
[2026-06-02T12:58:49.975+0000] {processor.py:186} INFO - Started process (PID=274) to work on /opt/airflow/dags/create_mart_dag.py
[2026-06-02T12:58:49.976+0000] {processor.py:914} INFO - Processing file /opt/airflow/dags/create_mart_dag.py for tasks to queue
[2026-06-02T12:58:49.981+0000] {logging_mixin.py:190} INFO - [2026-06-02T12:58:49.980+0000] {dagbag.py:588} INFO - Filling up the DagBag from /opt/airflow/dags/create_mart_dag.py
[2026-06-02T12:58:50.013+0000] {processor.py:925} INFO - DAG(s) 'create_analytics_mart' retrieved from /opt/airflow/dags/create_mart_dag.py
[2026-06-02T12:58:50.042+0000] {logging_mixin.py:190} INFO - [2026-06-02T12:58:50.042+0000] {dag.py:3239} INFO - Sync 1 DAGs
[2026-06-02T12:58:50.071+0000] {logging_mixin.py:190} INFO - [2026-06-02T12:58:50.070+0000] {dag.py:4180} INFO - Setting next_dagrun for create_analytics_mart to 2026-06-02 02:00:00+00:00, run_after=2026-06-03 02:00:00+00:00
[2026-06-02T12:58:50.093+0000] {processor.py:208} INFO - Processing /opt/airflow/dags/create_mart_dag.py took 0.126 seconds
[2026-06-02T12:59:20.230+0000] {processor.py:186} INFO - Started process (PID=285) to work on /opt/airflow/dags/create_mart_dag.py
[2026-06-02T12:59:20.231+0000] {processor.py:914} INFO - Processing file /opt/airflow/dags/create_mart_dag.py for tasks to queue
[2026-06-02T12:59:20.236+0000] {logging_mixin.py:190} INFO - [2026-06-02T12:59:20.235+0000] {dagbag.py:588} INFO - Filling up the DagBag from /opt/airflow/dags/create_mart_dag.py
[2026-06-02T12:59:20.265+0000] {processor.py:925} INFO - DAG(s) 'create_analytics_mart' retrieved from /opt/airflow/dags/create_mart_dag.py
[2026-06-02T12:59:20.297+0000] {logging_mixin.py:190} INFO - [2026-06-02T12:59:20.297+0000] {dag.py:3239} INFO - Sync 1 DAGs
[2026-06-02T12:59:20.326+0000] {logging_mixin.py:190} INFO - [2026-06-02T12:59:20.325+0000] {dag.py:4180} INFO - Setting next_dagrun for create_analytics_mart to 2026-06-02 02:00:00+00:00, run_after=2026-06-03 02:00:00+00:00
[2026-06-02T12:59:20.348+0000] {processor.py:208} INFO - Processing /opt/airflow/dags/create_mart_dag.py took 0.124 seconds
[2026-06-02T12:59:50.655+0000] {processor.py:186} INFO - Started process (PID=296) to work on /opt/airflow/dags/create_mart_dag.py
[2026-06-02T12:59:50.656+0000] {processor.py:914} INFO - Processing file /opt/airflow/dags/create_mart_dag.py for tasks to queue
[2026-06-02T12:59:50.660+0000] {logging_mixin.py:190} INFO - [2026-06-02T12:59:50.660+0000] {dagbag.py:588} INFO - Filling up the DagBag from /opt/airflow/dags/create_mart_dag.py
[2026-06-02T12:59:50.693+0000] {processor.py:925} INFO - DAG(s) 'create_analytics_mart' retrieved from /opt/airflow/dags/create_mart_dag.py
[2026-06-02T12:59:50.727+0000] {logging_mixin.py:190} INFO - [2026-06-02T12:59:50.726+0000] {dag.py:3239} INFO - Sync 1 DAGs
[2026-06-02T12:59:50.754+0000] {logging_mixin.py:190} INFO - [2026-06-02T12:59:50.754+0000] {dag.py:4180} INFO - Setting next_dagrun for create_analytics_mart to 2026-06-02 02:00:00+00:00, run_after=2026-06-03 02:00:00+00:00
[2026-06-02T12:59:50.775+0000] {processor.py:208} INFO - Processing /opt/airflow/dags/create_mart_dag.py took 0.126 seconds
[2026-06-02T13:00:20.935+0000] {processor.py:186} INFO - Started process (PID=307) to work on /opt/airflow/dags/create_mart_dag.py
[2026-06-02T13:00:20.936+0000] {processor.py:914} INFO - Processing file /opt/airflow/dags/create_mart_dag.py for tasks to queue
[2026-06-02T13:00:20.938+0000] {logging_mixin.py:190} INFO - [2026-06-02T13:00:20.938+0000] {dagbag.py:588} INFO - Filling up the DagBag from /opt/airflow/dags/create_mart_dag.py
[2026-06-02T13:00:20.974+0000] {processor.py:925} INFO - DAG(s) 'create_analytics_mart' retrieved from /opt/airflow/dags/create_mart_dag.py
[2026-06-02T13:00:21.008+0000] {logging_mixin.py:190} INFO - [2026-06-02T13:00:21.007+0000] {dag.py:3239} INFO - Sync 1 DAGs
[2026-06-02T13:00:21.033+0000] {logging_mixin.py:190} INFO - [2026-06-02T13:00:21.033+0000] {dag.py:4180} INFO - Setting next_dagrun for create_analytics_mart to 2026-06-02 02:00:00+00:00, run_after=2026-06-03 02:00:00+00:00
[2026-06-02T13:00:21.057+0000] {processor.py:208} INFO - Processing /opt/airflow/dags/create_mart_dag.py took 0.129 seconds
[2026-06-02T13:00:51.301+0000] {processor.py:186} INFO - Started process (PID=318) to work on /opt/airflow/dags/create_mart_dag.py
[2026-06-02T13:00:51.302+0000] {processor.py:914} INFO - Processing file /opt/airflow/dags/create_mart_dag.py for tasks to queue
[2026-06-02T13:00:51.305+0000] {logging_mixin.py:190} INFO - [2026-06-02T13:00:51.305+0000] {dagbag.py:588} INFO - Filling up the DagBag from /opt/airflow/dags/create_mart_dag.py
[2026-06-02T13:00:51.340+0000] {processor.py:925} INFO - DAG(s) 'create_analytics_mart' retrieved from /opt/airflow/dags/create_mart_dag.py
[2026-06-02T13:00:51.372+0000] {logging_mixin.py:190} INFO - [2026-06-02T13:00:51.372+0000] {dag.py:3239} INFO - Sync 1 DAGs
[2026-06-02T13:00:51.401+0000] {logging_mixin.py:190} INFO - [2026-06-02T13:00:51.400+0000] {dag.py:4180} INFO - Setting next_dagrun for create_analytics_mart to 2026-06-02 02:00:00+00:00, run_after=2026-06-03 02:00:00+00:00
[2026-06-02T13:00:51.423+0000] {processor.py:208} INFO - Processing /opt/airflow/dags/create_mart_dag.py took 0.127 seconds
[2026-06-02T13:01:21.564+0000] {processor.py:186} INFO - Started process (PID=335) to work on /opt/airflow/dags/create_mart_dag.py
[2026-06-02T13:01:21.566+0000] {processor.py:914} INFO - Processing file /opt/airflow/dags/create_mart_dag.py for tasks to queue
[2026-06-02T13:01:21.568+0000] {logging_mixin.py:190} INFO - [2026-06-02T13:01:21.568+0000] {dagbag.py:588} INFO - Filling up the DagBag from /opt/airflow/dags/create_mart_dag.py
[2026-06-02T13:01:21.596+0000] {processor.py:925} INFO - DAG(s) 'create_analytics_mart' retrieved from /opt/airflow/dags/create_mart_dag.py
[2026-06-02T13:01:21.634+0000] {logging_mixin.py:190} INFO - [2026-06-02T13:01:21.634+0000] {dag.py:3239} INFO - Sync 1 DAGs
[2026-06-02T13:01:21.665+0000] {logging_mixin.py:190} INFO - [2026-06-02T13:01:21.665+0000] {dag.py:4180} INFO - Setting next_dagrun for create_analytics_mart to 2026-06-02 02:00:00+00:00, run_after=2026-06-03 02:00:00+00:00
[2026-06-02T13:01:21.688+0000] {processor.py:208} INFO - Processing /opt/airflow/dags/create_mart_dag.py took 0.130 seconds
[2026-06-02T13:01:51.927+0000] {processor.py:186} INFO - Started process (PID=346) to work on /opt/airflow/dags/create_mart_dag.py
[2026-06-02T13:01:51.928+0000] {processor.py:914} INFO - Processing file /opt/airflow/dags/create_mart_dag.py for tasks to queue
[2026-06-02T13:01:51.931+0000] {logging_mixin.py:190} INFO - [2026-06-02T13:01:51.930+0000] {dagbag.py:588} INFO - Filling up the DagBag from /opt/airflow/dags/create_mart_dag.py
[2026-06-02T13:01:51.968+0000] {processor.py:925} INFO - DAG(s) 'create_analytics_mart' retrieved from /opt/airflow/dags/create_mart_dag.py
[2026-06-02T13:01:52.001+0000] {logging_mixin.py:190} INFO - [2026-06-02T13:01:52.001+0000] {dag.py:3239} INFO - Sync 1 DAGs
[2026-06-02T13:01:52.027+0000] {logging_mixin.py:190} INFO - [2026-06-02T13:01:52.027+0000] {dag.py:4180} INFO - Setting next_dagrun for create_analytics_mart to 2026-06-02 02:00:00+00:00, run_after=2026-06-03 02:00:00+00:00
[2026-06-02T13:01:52.052+0000] {processor.py:208} INFO - Processing /opt/airflow/dags/create_mart_dag.py took 0.132 seconds
[2026-06-02T13:02:22.209+0000] {processor.py:186} INFO - Started process (PID=357) to work on /opt/airflow/dags/create_mart_dag.py
[2026-06-02T13:02:22.210+0000] {processor.py:914} INFO - Processing file /opt/airflow/dags/create_mart_dag.py for tasks to queue
[2026-06-02T13:02:22.213+0000] {logging_mixin.py:190} INFO - [2026-06-02T13:02:22.212+0000] {dagbag.py:588} INFO - Filling up the DagBag from /opt/airflow/dags/create_mart_dag.py
[2026-06-02T13:02:22.241+0000] {processor.py:925} INFO - DAG(s) 'create_analytics_mart' retrieved from /opt/airflow/dags/create_mart_dag.py
[2026-06-02T13:02:22.272+0000] {logging_mixin.py:190} INFO - [2026-06-02T13:02:22.272+0000] {dag.py:3239} INFO - Sync 1 DAGs
[2026-06-02T13:02:22.306+0000] {logging_mixin.py:190} INFO - [2026-06-02T13:02:22.305+0000] {dag.py:4180} INFO - Setting next_dagrun for create_analytics_mart to 2026-06-02 02:00:00+00:00, run_after=2026-06-03 02:00:00+00:00
[2026-06-02T13:02:22.329+0000] {processor.py:208} INFO - Processing /opt/airflow/dags/create_mart_dag.py took 0.127 seconds
[2026-06-02T13:02:52.582+0000] {processor.py:186} INFO - Started process (PID=368) to work on /opt/airflow/dags/create_mart_dag.py
[2026-06-02T13:02:52.583+0000] {processor.py:914} INFO - Processing file /opt/airflow/dags/create_mart_dag.py for tasks to queue
[2026-06-02T13:02:52.586+0000] {logging_mixin.py:190} INFO - [2026-06-02T13:02:52.586+0000] {dagbag.py:588} INFO - Filling up the DagBag from /opt/airflow/dags/create_mart_dag.py
[2026-06-02T13:02:52.618+0000] {processor.py:925} INFO - DAG(s) 'create_analytics_mart' retrieved from /opt/airflow/dags/create_mart_dag.py
[2026-06-02T13:02:52.649+0000] {logging_mixin.py:190} INFO - [2026-06-02T13:02:52.649+0000] {dag.py:3239} INFO - Sync 1 DAGs
[2026-06-02T13:02:52.673+0000] {logging_mixin.py:190} INFO - [2026-06-02T13:02:52.673+0000] {dag.py:4180} INFO - Setting next_dagrun for create_analytics_mart to 2026-06-02 02:00:00+00:00, run_after=2026-06-03 02:00:00+00:00
[2026-06-02T13:02:52.698+0000] {processor.py:208} INFO - Processing /opt/airflow/dags/create_mart_dag.py took 0.124 seconds
[2026-06-02T13:03:22.850+0000] {processor.py:186} INFO - Started process (PID=382) to work on /opt/airflow/dags/create_mart_dag.py
[2026-06-02T13:03:22.851+0000] {processor.py:914} INFO - Processing file /opt/airflow/dags/create_mart_dag.py for tasks to queue
[2026-06-02T13:03:22.855+0000] {logging_mixin.py:190} INFO - [2026-06-02T13:03:22.854+0000] {dagbag.py:588} INFO - Filling up the DagBag from /opt/airflow/dags/create_mart_dag.py
[2026-06-02T13:03:22.888+0000] {processor.py:925} INFO - DAG(s) 'create_analytics_mart' retrieved from /opt/airflow/dags/create_mart_dag.py
[2026-06-02T13:03:22.920+0000] {logging_mixin.py:190} INFO - [2026-06-02T13:03:22.920+0000] {dag.py:3239} INFO - Sync 1 DAGs
[2026-06-02T13:03:22.946+0000] {logging_mixin.py:190} INFO - [2026-06-02T13:03:22.946+0000] {dag.py:4180} INFO - Setting next_dagrun for create_analytics_mart to 2026-06-02 02:00:00+00:00, run_after=2026-06-03 02:00:00+00:00
[2026-06-02T13:03:22.969+0000] {processor.py:208} INFO - Processing /opt/airflow/dags/create_mart_dag.py took 0.125 seconds
[2026-06-02T13:03:53.214+0000] {processor.py:186} INFO - Started process (PID=393) to work on /opt/airflow/dags/create_mart_dag.py
[2026-06-02T13:03:53.215+0000] {processor.py:914} INFO - Processing file /opt/airflow/dags/create_mart_dag.py for tasks to queue
[2026-06-02T13:03:53.218+0000] {logging_mixin.py:190} INFO - [2026-06-02T13:03:53.218+0000] {dagbag.py:588} INFO - Filling up the DagBag from /opt/airflow/dags/create_mart_dag.py
[2026-06-02T13:03:53.247+0000] {processor.py:925} INFO - DAG(s) 'create_analytics_mart' retrieved from /opt/airflow/dags/create_mart_dag.py
[2026-06-02T13:03:53.274+0000] {logging_mixin.py:190} INFO - [2026-06-02T13:03:53.274+0000] {dag.py:3239} INFO - Sync 1 DAGs
[2026-06-02T13:03:53.302+0000] {logging_mixin.py:190} INFO - [2026-06-02T13:03:53.301+0000] {dag.py:4180} INFO - Setting next_dagrun for create_analytics_mart to 2026-06-02 02:00:00+00:00, run_after=2026-06-03 02:00:00+00:00
[2026-06-02T13:03:53.326+0000] {processor.py:208} INFO - Processing /opt/airflow/dags/create_mart_dag.py took 0.119 seconds
[2026-06-02T13:04:23.421+0000] {processor.py:186} INFO - Started process (PID=404) to work on /opt/airflow/dags/create_mart_dag.py
[2026-06-02T13:04:23.421+0000] {processor.py:914} INFO - Processing file /opt/airflow/dags/create_mart_dag.py for tasks to queue
[2026-06-02T13:04:23.424+0000] {logging_mixin.py:190} INFO - [2026-06-02T13:04:23.423+0000] {dagbag.py:588} INFO - Filling up the DagBag from /opt/airflow/dags/create_mart_dag.py
[2026-06-02T13:04:23.449+0000] {processor.py:925} INFO - DAG(s) 'create_analytics_mart' retrieved from /opt/airflow/dags/create_mart_dag.py
[2026-06-02T13:04:23.476+0000] {logging_mixin.py:190} INFO - [2026-06-02T13:04:23.476+0000] {dag.py:3239} INFO - Sync 1 DAGs
[2026-06-02T13:04:23.501+0000] {logging_mixin.py:190} INFO - [2026-06-02T13:04:23.500+0000] {dag.py:4180} INFO - Setting next_dagrun for create_analytics_mart to 2026-06-02 02:00:00+00:00, run_after=2026-06-03 02:00:00+00:00
[2026-06-02T13:04:23.524+0000] {processor.py:208} INFO - Processing /opt/airflow/dags/create_mart_dag.py took 0.109 seconds
[2026-06-02T13:04:53.786+0000] {processor.py:186} INFO - Started process (PID=415) to work on /opt/airflow/dags/create_mart_dag.py
[2026-06-02T13:04:53.787+0000] {processor.py:914} INFO - Processing file /opt/airflow/dags/create_mart_dag.py for tasks to queue
[2026-06-02T13:04:53.790+0000] {logging_mixin.py:190} INFO - [2026-06-02T13:04:53.790+0000] {dagbag.py:588} INFO - Filling up the DagBag from /opt/airflow/dags/create_mart_dag.py
[2026-06-02T13:04:53.819+0000] {processor.py:925} INFO - DAG(s) 'create_analytics_mart' retrieved from /opt/airflow/dags/create_mart_dag.py
[2026-06-02T13:04:53.843+0000] {logging_mixin.py:190} INFO - [2026-06-02T13:04:53.843+0000] {dag.py:3239} INFO - Sync 1 DAGs
[2026-06-02T13:04:53.865+0000] {logging_mixin.py:190} INFO - [2026-06-02T13:04:53.864+0000] {dag.py:4180} INFO - Setting next_dagrun for create_analytics_mart to 2026-06-02 02:00:00+00:00, run_after=2026-06-03 02:00:00+00:00
[2026-06-02T13:04:53.898+0000] {processor.py:208} INFO - Processing /opt/airflow/dags/create_mart_dag.py took 0.118 seconds
[2026-06-02T13:05:23.992+0000] {processor.py:186} INFO - Started process (PID=426) to work on /opt/airflow/dags/create_mart_dag.py
[2026-06-02T13:05:23.993+0000] {processor.py:914} INFO - Processing file /opt/airflow/dags/create_mart_dag.py for tasks to queue
[2026-06-02T13:05:23.995+0000] {logging_mixin.py:190} INFO - [2026-06-02T13:05:23.995+0000] {dagbag.py:588} INFO - Filling up the DagBag from /opt/airflow/dags/create_mart_dag.py
[2026-06-02T13:05:24.022+0000] {processor.py:925} INFO - DAG(s) 'create_analytics_mart' retrieved from /opt/airflow/dags/create_mart_dag.py
[2026-06-02T13:05:24.048+0000] {logging_mixin.py:190} INFO - [2026-06-02T13:05:24.047+0000] {dag.py:3239} INFO - Sync 1 DAGs
[2026-06-02T13:05:24.075+0000] {logging_mixin.py:190} INFO - [2026-06-02T13:05:24.075+0000] {dag.py:4180} INFO - Setting next_dagrun for create_analytics_mart to 2026-06-02 02:00:00+00:00, run_after=2026-06-03 02:00:00+00:00
[2026-06-02T13:05:24.099+0000] {processor.py:208} INFO - Processing /opt/airflow/dags/create_mart_dag.py took 0.112 seconds
[2026-06-02T13:05:54.306+0000] {processor.py:186} INFO - Started process (PID=437) to work on /opt/airflow/dags/create_mart_dag.py
[2026-06-02T13:05:54.307+0000] {processor.py:914} INFO - Processing file /opt/airflow/dags/create_mart_dag.py for tasks to queue
[2026-06-02T13:05:54.310+0000] {logging_mixin.py:190} INFO - [2026-06-02T13:05:54.310+0000] {dagbag.py:588} INFO - Filling up the DagBag from /opt/airflow/dags/create_mart_dag.py
[2026-06-02T13:05:54.336+0000] {processor.py:925} INFO - DAG(s) 'create_analytics_mart' retrieved from /opt/airflow/dags/create_mart_dag.py
[2026-06-02T13:05:54.365+0000] {logging_mixin.py:190} INFO - [2026-06-02T13:05:54.365+0000] {dag.py:3239} INFO - Sync 1 DAGs
[2026-06-02T13:05:54.393+0000] {logging_mixin.py:190} INFO - [2026-06-02T13:05:54.393+0000] {dag.py:4180} INFO - Setting next_dagrun for create_analytics_mart to 2026-06-02 02:00:00+00:00, run_after=2026-06-03 02:00:00+00:00
[2026-06-02T13:05:54.418+0000] {processor.py:208} INFO - Processing /opt/airflow/dags/create_mart_dag.py took 0.117 seconds
[2026-06-02T13:06:24.513+0000] {processor.py:186} INFO - Started process (PID=448) to work on /opt/airflow/dags/create_mart_dag.py
[2026-06-02T13:06:24.514+0000] {processor.py:914} INFO - Processing file /opt/airflow/dags/create_mart_dag.py for tasks to queue
[2026-06-02T13:06:24.517+0000] {logging_mixin.py:190} INFO - [2026-06-02T13:06:24.517+0000] {dagbag.py:588} INFO - Filling up the DagBag from /opt/airflow/dags/create_mart_dag.py
[2026-06-02T13:06:24.544+0000] {processor.py:925} INFO - DAG(s) 'create_analytics_mart' retrieved from /opt/airflow/dags/create_mart_dag.py
[2026-06-02T13:06:24.570+0000] {logging_mixin.py:190} INFO - [2026-06-02T13:06:24.569+0000] {dag.py:3239} INFO - Sync 1 DAGs
[2026-06-02T13:06:24.595+0000] {logging_mixin.py:190} INFO - [2026-06-02T13:06:24.594+0000] {dag.py:4180} INFO - Setting next_dagrun for create_analytics_mart to 2026-06-02 02:00:00+00:00, run_after=2026-06-03 02:00:00+00:00
[2026-06-02T13:06:24.616+0000] {processor.py:208} INFO - Processing /opt/airflow/dags/create_mart_dag.py took 0.108 seconds
[2026-06-02T13:06:54.832+0000] {processor.py:186} INFO - Started process (PID=459) to work on /opt/airflow/dags/create_mart_dag.py
[2026-06-02T13:06:54.833+0000] {processor.py:914} INFO - Processing file /opt/airflow/dags/create_mart_dag.py for tasks to queue
[2026-06-02T13:06:54.835+0000] {logging_mixin.py:190} INFO - [2026-06-02T13:06:54.835+0000] {dagbag.py:588} INFO - Filling up the DagBag from /opt/airflow/dags/create_mart_dag.py
[2026-06-02T13:06:54.863+0000] {processor.py:925} INFO - DAG(s) 'create_analytics_mart' retrieved from /opt/airflow/dags/create_mart_dag.py
[2026-06-02T13:06:54.891+0000] {logging_mixin.py:190} INFO - [2026-06-02T13:06:54.890+0000] {dag.py:3239} INFO - Sync 1 DAGs
[2026-06-02T13:06:54.916+0000] {logging_mixin.py:190} INFO - [2026-06-02T13:06:54.915+0000] {dag.py:4180} INFO - Setting next_dagrun for create_analytics_mart to 2026-06-02 02:00:00+00:00, run_after=2026-06-03 02:00:00+00:00
[2026-06-02T13:06:54.936+0000] {processor.py:208} INFO - Processing /opt/airflow/dags/create_mart_dag.py took 0.110 seconds
[2026-06-02T13:07:25.041+0000] {processor.py:186} INFO - Started process (PID=470) to work on /opt/airflow/dags/create_mart_dag.py
[2026-06-02T13:07:25.042+0000] {processor.py:914} INFO - Processing file /opt/airflow/dags/create_mart_dag.py for tasks to queue
[2026-06-02T13:07:25.044+0000] {logging_mixin.py:190} INFO - [2026-06-02T13:07:25.044+0000] {dagbag.py:588} INFO - Filling up the DagBag from /opt/airflow/dags/create_mart_dag.py
[2026-06-02T13:07:25.073+0000] {processor.py:925} INFO - DAG(s) 'create_analytics_mart' retrieved from /opt/airflow/dags/create_mart_dag.py
[2026-06-02T13:07:25.102+0000] {logging_mixin.py:190} INFO - [2026-06-02T13:07:25.102+0000] {dag.py:3239} INFO - Sync 1 DAGs
[2026-06-02T13:07:25.130+0000] {logging_mixin.py:190} INFO - [2026-06-02T13:07:25.130+0000] {dag.py:4180} INFO - Setting next_dagrun for create_analytics_mart to 2026-06-02 02:00:00+00:00, run_after=2026-06-03 02:00:00+00:00
[2026-06-02T13:07:25.152+0000] {processor.py:208} INFO - Processing /opt/airflow/dags/create_mart_dag.py took 0.116 seconds
[2026-06-02T13:07:55.347+0000] {processor.py:186} INFO - Started process (PID=481) to work on /opt/airflow/dags/create_mart_dag.py
[2026-06-02T13:07:55.349+0000] {processor.py:914} INFO - Processing file /opt/airflow/dags/create_mart_dag.py for tasks to queue
[2026-06-02T13:07:55.352+0000] {logging_mixin.py:190} INFO - [2026-06-02T13:07:55.352+0000] {dagbag.py:588} INFO - Filling up the DagBag from /opt/airflow/dags/create_mart_dag.py
[2026-06-02T13:07:55.385+0000] {processor.py:925} INFO - DAG(s) 'create_analytics_mart' retrieved from /opt/airflow/dags/create_mart_dag.py
[2026-06-02T13:07:55.414+0000] {logging_mixin.py:190} INFO - [2026-06-02T13:07:55.414+0000] {dag.py:3239} INFO - Sync 1 DAGs
[2026-06-02T13:07:55.440+0000] {logging_mixin.py:190} INFO - [2026-06-02T13:07:55.440+0000] {dag.py:4180} INFO - Setting next_dagrun for create_analytics_mart to 2026-06-02 02:00:00+00:00, run_after=2026-06-03 02:00:00+00:00
[2026-06-02T13:07:55.461+0000] {processor.py:208} INFO - Processing /opt/airflow/dags/create_mart_dag.py took 0.120 seconds
[2026-06-02T13:08:25.560+0000] {processor.py:186} INFO - Started process (PID=492) to work on /opt/airflow/dags/create_mart_dag.py
[2026-06-02T13:08:25.562+0000] {processor.py:914} INFO - Processing file /opt/airflow/dags/create_mart_dag.py for tasks to queue
[2026-06-02T13:08:25.564+0000] {logging_mixin.py:190} INFO - [2026-06-02T13:08:25.564+0000] {dagbag.py:588} INFO - Filling up the DagBag from /opt/airflow/dags/create_mart_dag.py
[2026-06-02T13:08:25.592+0000] {processor.py:925} INFO - DAG(s) 'create_analytics_mart' retrieved from /opt/airflow/dags/create_mart_dag.py
[2026-06-02T13:08:25.621+0000] {logging_mixin.py:190} INFO - [2026-06-02T13:08:25.620+0000] {dag.py:3239} INFO - Sync 1 DAGs
[2026-06-02T13:08:25.647+0000] {logging_mixin.py:190} INFO - [2026-06-02T13:08:25.646+0000] {dag.py:4180} INFO - Setting next_dagrun for create_analytics_mart to 2026-06-02 02:00:00+00:00, run_after=2026-06-03 02:00:00+00:00
[2026-06-02T13:08:25.666+0000] {processor.py:208} INFO - Processing /opt/airflow/dags/create_mart_dag.py took 0.112 seconds
[2026-06-02T13:08:55.868+0000] {processor.py:186} INFO - Started process (PID=503) to work on /opt/airflow/dags/create_mart_dag.py
[2026-06-02T13:08:55.869+0000] {processor.py:914} INFO - Processing file /opt/airflow/dags/create_mart_dag.py for tasks to queue
[2026-06-02T13:08:55.871+0000] {logging_mixin.py:190} INFO - [2026-06-02T13:08:55.871+0000] {dagbag.py:588} INFO - Filling up the DagBag from /opt/airflow/dags/create_mart_dag.py
[2026-06-02T13:08:55.903+0000] {processor.py:925} INFO - DAG(s) 'create_analytics_mart' retrieved from /opt/airflow/dags/create_mart_dag.py
[2026-06-02T13:08:55.932+0000] {logging_mixin.py:190} INFO - [2026-06-02T13:08:55.932+0000] {dag.py:3239} INFO - Sync 1 DAGs
[2026-06-02T13:08:55.955+0000] {logging_mixin.py:190} INFO - [2026-06-02T13:08:55.955+0000] {dag.py:4180} INFO - Setting next_dagrun for create_analytics_mart to 2026-06-02 02:00:00+00:00, run_after=2026-06-03 02:00:00+00:00
[2026-06-02T13:08:55.975+0000] {processor.py:208} INFO - Processing /opt/airflow/dags/create_mart_dag.py took 0.113 seconds
[2026-06-02T13:09:26.073+0000] {processor.py:186} INFO - Started process (PID=515) to work on /opt/airflow/dags/create_mart_dag.py
[2026-06-02T13:09:26.074+0000] {processor.py:914} INFO - Processing file /opt/airflow/dags/create_mart_dag.py for tasks to queue
[2026-06-02T13:09:26.077+0000] {logging_mixin.py:190} INFO - [2026-06-02T13:09:26.077+0000] {dagbag.py:588} INFO - Filling up the DagBag from /opt/airflow/dags/create_mart_dag.py
[2026-06-02T13:09:26.103+0000] {processor.py:925} INFO - DAG(s) 'create_analytics_mart' retrieved from /opt/airflow/dags/create_mart_dag.py
[2026-06-02T13:09:26.130+0000] {logging_mixin.py:190} INFO - [2026-06-02T13:09:26.129+0000] {dag.py:3239} INFO - Sync 1 DAGs
[2026-06-02T13:09:26.156+0000] {logging_mixin.py:190} INFO - [2026-06-02T13:09:26.156+0000] {dag.py:4180} INFO - Setting next_dagrun for create_analytics_mart to 2026-06-02 02:00:00+00:00, run_after=2026-06-03 02:00:00+00:00
[2026-06-02T13:09:26.178+0000] {processor.py:208} INFO - Processing /opt/airflow/dags/create_mart_dag.py took 0.110 seconds
[2026-06-02T13:09:56.429+0000] {processor.py:186} INFO - Started process (PID=526) to work on /opt/airflow/dags/create_mart_dag.py
[2026-06-02T13:09:56.430+0000] {processor.py:914} INFO - Processing file /opt/airflow/dags/create_mart_dag.py for tasks to queue
[2026-06-02T13:09:56.433+0000] {logging_mixin.py:190} INFO - [2026-06-02T13:09:56.432+0000] {dagbag.py:588} INFO - Filling up the DagBag from /opt/airflow/dags/create_mart_dag.py
[2026-06-02T13:09:56.459+0000] {processor.py:925} INFO - DAG(s) 'create_analytics_mart' retrieved from /opt/airflow/dags/create_mart_dag.py
[2026-06-02T13:09:56.484+0000] {logging_mixin.py:190} INFO - [2026-06-02T13:09:56.483+0000] {dag.py:3239} INFO - Sync 1 DAGs
[2026-06-02T13:09:56.506+0000] {logging_mixin.py:190} INFO - [2026-06-02T13:09:56.505+0000] {dag.py:4180} INFO - Setting next_dagrun for create_analytics_mart to 2026-06-02 02:00:00+00:00, run_after=2026-06-03 02:00:00+00:00
[2026-06-02T13:09:56.525+0000] {processor.py:208} INFO - Processing /opt/airflow/dags/create_mart_dag.py took 0.100 seconds
[2026-06-02T13:10:26.639+0000] {processor.py:186} INFO - Started process (PID=537) to work on /opt/airflow/dags/create_mart_dag.py
[2026-06-02T13:10:26.640+0000] {processor.py:914} INFO - Processing file /opt/airflow/dags/create_mart_dag.py for tasks to queue
[2026-06-02T13:10:26.643+0000] {logging_mixin.py:190} INFO - [2026-06-02T13:10:26.642+0000] {dagbag.py:588} INFO - Filling up the DagBag from /opt/airflow/dags/create_mart_dag.py
[2026-06-02T13:10:26.669+0000] {processor.py:925} INFO - DAG(s) 'create_analytics_mart' retrieved from /opt/airflow/dags/create_mart_dag.py
[2026-06-02T13:10:26.693+0000] {logging_mixin.py:190} INFO - [2026-06-02T13:10:26.693+0000] {dag.py:3239} INFO - Sync 1 DAGs
[2026-06-02T13:10:26.714+0000] {logging_mixin.py:190} INFO - [2026-06-02T13:10:26.714+0000] {dag.py:4180} INFO - Setting next_dagrun for create_analytics_mart to 2026-06-02 02:00:00+00:00, run_after=2026-06-03 02:00:00+00:00
[2026-06-02T13:10:26.733+0000] {processor.py:208} INFO - Processing /opt/airflow/dags/create_mart_dag.py took 0.099 seconds
[2026-06-02T13:10:56.944+0000] {processor.py:186} INFO - Started process (PID=548) to work on /opt/airflow/dags/create_mart_dag.py
[2026-06-02T13:10:56.945+0000] {processor.py:914} INFO - Processing file /opt/airflow/dags/create_mart_dag.py for tasks to queue
[2026-06-02T13:10:56.947+0000] {logging_mixin.py:190} INFO - [2026-06-02T13:10:56.947+0000] {dagbag.py:588} INFO - Filling up the DagBag from /opt/airflow/dags/create_mart_dag.py
[2026-06-02T13:10:56.972+0000] {processor.py:925} INFO - DAG(s) 'create_analytics_mart' retrieved from /opt/airflow/dags/create_mart_dag.py
[2026-06-02T13:10:57.000+0000] {logging_mixin.py:190} INFO - [2026-06-02T13:10:56.999+0000] {dag.py:3239} INFO - Sync 1 DAGs
[2026-06-02T13:10:57.025+0000] {logging_mixin.py:190} INFO - [2026-06-02T13:10:57.025+0000] {dag.py:4180} INFO - Setting next_dagrun for create_analytics_mart to 2026-06-02 02:00:00+00:00, run_after=2026-06-03 02:00:00+00:00
[2026-06-02T13:10:57.052+0000] {processor.py:208} INFO - Processing /opt/airflow/dags/create_mart_dag.py took 0.113 seconds
[2026-06-02T13:11:27.148+0000] {processor.py:186} INFO - Started process (PID=559) to work on /opt/airflow/dags/create_mart_dag.py
[2026-06-02T13:11:27.149+0000] {processor.py:914} INFO - Processing file /opt/airflow/dags/create_mart_dag.py for tasks to queue
[2026-06-02T13:11:27.151+0000] {logging_mixin.py:190} INFO - [2026-06-02T13:11:27.151+0000] {dagbag.py:588} INFO - Filling up the DagBag from /opt/airflow/dags/create_mart_dag.py
[2026-06-02T13:11:27.177+0000] {processor.py:925} INFO - DAG(s) 'create_analytics_mart' retrieved from /opt/airflow/dags/create_mart_dag.py
[2026-06-02T13:11:27.202+0000] {logging_mixin.py:190} INFO - [2026-06-02T13:11:27.202+0000] {dag.py:3239} INFO - Sync 1 DAGs
[2026-06-02T13:11:27.228+0000] {logging_mixin.py:190} INFO - [2026-06-02T13:11:27.227+0000] {dag.py:4180} INFO - Setting next_dagrun for create_analytics_mart to 2026-06-02 02:00:00+00:00, run_after=2026-06-03 02:00:00+00:00
[2026-06-02T13:11:27.248+0000] {processor.py:208} INFO - Processing /opt/airflow/dags/create_mart_dag.py took 0.106 seconds
[2026-06-02T13:11:57.454+0000] {processor.py:186} INFO - Started process (PID=570) to work on /opt/airflow/dags/create_mart_dag.py
[2026-06-02T13:11:57.455+0000] {processor.py:914} INFO - Processing file /opt/airflow/dags/create_mart_dag.py for tasks to queue
[2026-06-02T13:11:57.457+0000] {logging_mixin.py:190} INFO - [2026-06-02T13:11:57.456+0000] {dagbag.py:588} INFO - Filling up the DagBag from /opt/airflow/dags/create_mart_dag.py
[2026-06-02T13:11:57.481+0000] {processor.py:925} INFO - DAG(s) 'create_analytics_mart' retrieved from /opt/airflow/dags/create_mart_dag.py
[2026-06-02T13:11:57.505+0000] {logging_mixin.py:190} INFO - [2026-06-02T13:11:57.505+0000] {dag.py:3239} INFO - Sync 1 DAGs
[2026-06-02T13:11:57.526+0000] {logging_mixin.py:190} INFO - [2026-06-02T13:11:57.526+0000] {dag.py:4180} INFO - Setting next_dagrun for create_analytics_mart to 2026-06-02 02:00:00+00:00, run_after=2026-06-03 02:00:00+00:00
[2026-06-02T13:11:57.542+0000] {processor.py:208} INFO - Processing /opt/airflow/dags/create_mart_dag.py took 0.093 seconds
[2026-06-02T13:12:27.654+0000] {processor.py:186} INFO - Started process (PID=581) to work on /opt/airflow/dags/create_mart_dag.py
[2026-06-02T13:12:27.655+0000] {processor.py:914} INFO - Processing file /opt/airflow/dags/create_mart_dag.py for tasks to queue
[2026-06-02T13:12:27.657+0000] {logging_mixin.py:190} INFO - [2026-06-02T13:12:27.656+0000] {dagbag.py:588} INFO - Filling up the DagBag from /opt/airflow/dags/create_mart_dag.py
[2026-06-02T13:12:27.684+0000] {processor.py:925} INFO - DAG(s) 'create_analytics_mart' retrieved from /opt/airflow/dags/create_mart_dag.py
[2026-06-02T13:12:27.708+0000] {logging_mixin.py:190} INFO - [2026-06-02T13:12:27.708+0000] {dag.py:3239} INFO - Sync 1 DAGs
[2026-06-02T13:12:27.729+0000] {logging_mixin.py:190} INFO - [2026-06-02T13:12:27.728+0000] {dag.py:4180} INFO - Setting next_dagrun for create_analytics_mart to 2026-06-02 02:00:00+00:00, run_after=2026-06-03 02:00:00+00:00
[2026-06-02T13:12:27.751+0000] {processor.py:208} INFO - Processing /opt/airflow/dags/create_mart_dag.py took 0.102 seconds
[2026-06-02T13:12:57.944+0000] {processor.py:186} INFO - Started process (PID=592) to work on /opt/airflow/dags/create_mart_dag.py
[2026-06-02T13:12:57.945+0000] {processor.py:914} INFO - Processing file /opt/airflow/dags/create_mart_dag.py for tasks to queue
[2026-06-02T13:12:57.948+0000] {logging_mixin.py:190} INFO - [2026-06-02T13:12:57.947+0000] {dagbag.py:588} INFO - Filling up the DagBag from /opt/airflow/dags/create_mart_dag.py
[2026-06-02T13:12:57.977+0000] {processor.py:925} INFO - DAG(s) 'create_analytics_mart' retrieved from /opt/airflow/dags/create_mart_dag.py
[2026-06-02T13:12:58.003+0000] {logging_mixin.py:190} INFO - [2026-06-02T13:12:58.003+0000] {dag.py:3239} INFO - Sync 1 DAGs
[2026-06-02T13:12:58.026+0000] {logging_mixin.py:190} INFO - [2026-06-02T13:12:58.026+0000] {dag.py:4180} INFO - Setting next_dagrun for create_analytics_mart to 2026-06-02 02:00:00+00:00, run_after=2026-06-03 02:00:00+00:00
[2026-06-02T13:12:58.048+0000] {processor.py:208} INFO - Processing /opt/airflow/dags/create_mart_dag.py took 0.110 seconds
[2026-06-02T13:13:28.150+0000] {processor.py:186} INFO - Started process (PID=603) to work on /opt/airflow/dags/create_mart_dag.py
[2026-06-02T13:13:28.151+0000] {processor.py:914} INFO - Processing file /opt/airflow/dags/create_mart_dag.py for tasks to queue
[2026-06-02T13:13:28.154+0000] {logging_mixin.py:190} INFO - [2026-06-02T13:13:28.153+0000] {dagbag.py:588} INFO - Filling up the DagBag from /opt/airflow/dags/create_mart_dag.py
[2026-06-02T13:13:28.182+0000] {processor.py:925} INFO - DAG(s) 'create_analytics_mart' retrieved from /opt/airflow/dags/create_mart_dag.py
[2026-06-02T13:13:28.208+0000] {logging_mixin.py:190} INFO - [2026-06-02T13:13:28.207+0000] {dag.py:3239} INFO - Sync 1 DAGs
[2026-06-02T13:13:28.229+0000] {logging_mixin.py:190} INFO - [2026-06-02T13:13:28.229+0000] {dag.py:4180} INFO - Setting next_dagrun for create_analytics_mart to 2026-06-02 02:00:00+00:00, run_after=2026-06-03 02:00:00+00:00
[2026-06-02T13:13:28.250+0000] {processor.py:208} INFO - Processing /opt/airflow/dags/create_mart_dag.py took 0.105 seconds
[2026-06-02T13:13:58.463+0000] {processor.py:186} INFO - Started process (PID=615) to work on /opt/airflow/dags/create_mart_dag.py
[2026-06-02T13:13:58.464+0000] {processor.py:914} INFO - Processing file /opt/airflow/dags/create_mart_dag.py for tasks to queue
[2026-06-02T13:13:58.466+0000] {logging_mixin.py:190} INFO - [2026-06-02T13:13:58.465+0000] {dagbag.py:588} INFO - Filling up the DagBag from /opt/airflow/dags/create_mart_dag.py
[2026-06-02T13:13:58.492+0000] {processor.py:925} INFO - DAG(s) 'create_analytics_mart' retrieved from /opt/airflow/dags/create_mart_dag.py
[2026-06-02T13:13:58.518+0000] {logging_mixin.py:190} INFO - [2026-06-02T13:13:58.517+0000] {dag.py:3239} INFO - Sync 1 DAGs
[2026-06-02T13:13:58.540+0000] {logging_mixin.py:190} INFO - [2026-06-02T13:13:58.540+0000] {dag.py:4180} INFO - Setting next_dagrun for create_analytics_mart to 2026-06-02 02:00:00+00:00, run_after=2026-06-03 02:00:00+00:00
[2026-06-02T13:13:58.561+0000] {processor.py:208} INFO - Processing /opt/airflow/dags/create_mart_dag.py took 0.103 seconds
[2026-06-02T13:14:44.046+0000] {processor.py:186} INFO - Started process (PID=176) to work on /opt/airflow/dags/create_mart_dag.py
[2026-06-02T13:14:44.047+0000] {processor.py:914} INFO - Processing file /opt/airflow/dags/create_mart_dag.py for tasks to queue
[2026-06-02T13:14:44.050+0000] {logging_mixin.py:190} INFO - [2026-06-02T13:14:44.049+0000] {dagbag.py:588} INFO - Filling up the DagBag from /opt/airflow/dags/create_mart_dag.py
[2026-06-02T13:14:44.094+0000] {processor.py:925} INFO - DAG(s) 'create_analytics_mart' retrieved from /opt/airflow/dags/create_mart_dag.py
[2026-06-02T13:14:44.147+0000] {logging_mixin.py:190} INFO - [2026-06-02T13:14:44.147+0000] {dag.py:3239} INFO - Sync 1 DAGs
[2026-06-02T13:14:44.176+0000] {logging_mixin.py:190} INFO - [2026-06-02T13:14:44.176+0000] {dag.py:4180} INFO - Setting next_dagrun for create_analytics_mart to 2026-06-02 02:00:00+00:00, run_after=2026-06-03 02:00:00+00:00
[2026-06-02T13:14:44.202+0000] {processor.py:208} INFO - Processing /opt/airflow/dags/create_mart_dag.py took 0.164 seconds
[2026-06-02T13:15:14.278+0000] {processor.py:186} INFO - Started process (PID=187) to work on /opt/airflow/dags/create_mart_dag.py
[2026-06-02T13:15:14.279+0000] {processor.py:914} INFO - Processing file /opt/airflow/dags/create_mart_dag.py for tasks to queue
[2026-06-02T13:15:14.282+0000] {logging_mixin.py:190} INFO - [2026-06-02T13:15:14.282+0000] {dagbag.py:588} INFO - Filling up the DagBag from /opt/airflow/dags/create_mart_dag.py
[2026-06-02T13:15:14.312+0000] {processor.py:925} INFO - DAG(s) 'create_analytics_mart' retrieved from /opt/airflow/dags/create_mart_dag.py
[2026-06-02T13:15:14.343+0000] {logging_mixin.py:190} INFO - [2026-06-02T13:15:14.343+0000] {dag.py:3239} INFO - Sync 1 DAGs
[2026-06-02T13:15:14.375+0000] {logging_mixin.py:190} INFO - [2026-06-02T13:15:14.375+0000] {dag.py:4180} INFO - Setting next_dagrun for create_analytics_mart to 2026-06-02 02:00:00+00:00, run_after=2026-06-03 02:00:00+00:00
[2026-06-02T13:15:14.395+0000] {processor.py:208} INFO - Processing /opt/airflow/dags/create_mart_dag.py took 0.123 seconds
[2026-06-02T13:15:44.619+0000] {processor.py:186} INFO - Started process (PID=198) to work on /opt/airflow/dags/create_mart_dag.py
[2026-06-02T13:15:44.620+0000] {processor.py:914} INFO - Processing file /opt/airflow/dags/create_mart_dag.py for tasks to queue
[2026-06-02T13:15:44.624+0000] {logging_mixin.py:190} INFO - [2026-06-02T13:15:44.623+0000] {dagbag.py:588} INFO - Filling up the DagBag from /opt/airflow/dags/create_mart_dag.py
[2026-06-02T13:15:44.656+0000] {processor.py:925} INFO - DAG(s) 'create_analytics_mart' retrieved from /opt/airflow/dags/create_mart_dag.py
[2026-06-02T13:15:44.687+0000] {logging_mixin.py:190} INFO - [2026-06-02T13:15:44.686+0000] {dag.py:3239} INFO - Sync 1 DAGs
[2026-06-02T13:15:44.712+0000] {logging_mixin.py:190} INFO - [2026-06-02T13:15:44.712+0000] {dag.py:4180} INFO - Setting next_dagrun for create_analytics_mart to 2026-06-02 02:00:00+00:00, run_after=2026-06-03 02:00:00+00:00
[2026-06-02T13:15:44.732+0000] {processor.py:208} INFO - Processing /opt/airflow/dags/create_mart_dag.py took 0.119 seconds
[2026-06-02T13:16:14.839+0000] {processor.py:186} INFO - Started process (PID=209) to work on /opt/airflow/dags/create_mart_dag.py
[2026-06-02T13:16:14.840+0000] {processor.py:914} INFO - Processing file /opt/airflow/dags/create_mart_dag.py for tasks to queue
[2026-06-02T13:16:14.842+0000] {logging_mixin.py:190} INFO - [2026-06-02T13:16:14.842+0000] {dagbag.py:588} INFO - Filling up the DagBag from /opt/airflow/dags/create_mart_dag.py
[2026-06-02T13:16:14.877+0000] {processor.py:925} INFO - DAG(s) 'create_analytics_mart' retrieved from /opt/airflow/dags/create_mart_dag.py
[2026-06-02T13:16:14.908+0000] {logging_mixin.py:190} INFO - [2026-06-02T13:16:14.908+0000] {dag.py:3239} INFO - Sync 1 DAGs
[2026-06-02T13:16:14.933+0000] {logging_mixin.py:190} INFO - [2026-06-02T13:16:14.933+0000] {dag.py:4180} INFO - Setting next_dagrun for create_analytics_mart to 2026-06-02 02:00:00+00:00, run_after=2026-06-03 02:00:00+00:00
[2026-06-02T13:16:14.957+0000] {processor.py:208} INFO - Processing /opt/airflow/dags/create_mart_dag.py took 0.123 seconds
[2026-06-02T13:16:45.153+0000] {processor.py:186} INFO - Started process (PID=223) to work on /opt/airflow/dags/create_mart_dag.py
[2026-06-02T13:16:45.154+0000] {processor.py:914} INFO - Processing file /opt/airflow/dags/create_mart_dag.py for tasks to queue
[2026-06-02T13:16:45.157+0000] {logging_mixin.py:190} INFO - [2026-06-02T13:16:45.157+0000] {dagbag.py:588} INFO - Filling up the DagBag from /opt/airflow/dags/create_mart_dag.py
[2026-06-02T13:16:45.188+0000] {processor.py:925} INFO - DAG(s) 'create_analytics_mart' retrieved from /opt/airflow/dags/create_mart_dag.py
[2026-06-02T13:16:45.217+0000] {logging_mixin.py:190} INFO - [2026-06-02T13:16:45.217+0000] {dag.py:3239} INFO - Sync 1 DAGs
[2026-06-02T13:16:45.244+0000] {logging_mixin.py:190} INFO - [2026-06-02T13:16:45.244+0000] {dag.py:4180} INFO - Setting next_dagrun for create_analytics_mart to 2026-06-02 02:00:00+00:00, run_after=2026-06-03 02:00:00+00:00
[2026-06-02T13:16:45.267+0000] {processor.py:208} INFO - Processing /opt/airflow/dags/create_mart_dag.py took 0.118 seconds
[2026-06-02T13:17:15.374+0000] {processor.py:186} INFO - Started process (PID=234) to work on /opt/airflow/dags/create_mart_dag.py
[2026-06-02T13:17:15.375+0000] {processor.py:914} INFO - Processing file /opt/airflow/dags/create_mart_dag.py for tasks to queue
[2026-06-02T13:17:15.378+0000] {logging_mixin.py:190} INFO - [2026-06-02T13:17:15.377+0000] {dagbag.py:588} INFO - Filling up the DagBag from /opt/airflow/dags/create_mart_dag.py
[2026-06-02T13:17:15.406+0000] {processor.py:925} INFO - DAG(s) 'create_analytics_mart' retrieved from /opt/airflow/dags/create_mart_dag.py
[2026-06-02T13:17:15.437+0000] {logging_mixin.py:190} INFO - [2026-06-02T13:17:15.436+0000] {dag.py:3239} INFO - Sync 1 DAGs
[2026-06-02T13:17:15.464+0000] {logging_mixin.py:190} INFO - [2026-06-02T13:17:15.463+0000] {dag.py:4180} INFO - Setting next_dagrun for create_analytics_mart to 2026-06-02 02:00:00+00:00, run_after=2026-06-03 02:00:00+00:00
[2026-06-02T13:17:15.488+0000] {processor.py:208} INFO - Processing /opt/airflow/dags/create_mart_dag.py took 0.121 seconds
[2026-06-02T13:17:45.682+0000] {processor.py:186} INFO - Started process (PID=245) to work on /opt/airflow/dags/create_mart_dag.py
[2026-06-02T13:17:45.683+0000] {processor.py:914} INFO - Processing file /opt/airflow/dags/create_mart_dag.py for tasks to queue
[2026-06-02T13:17:45.686+0000] {logging_mixin.py:190} INFO - [2026-06-02T13:17:45.686+0000] {dagbag.py:588} INFO - Filling up the DagBag from /opt/airflow/dags/create_mart_dag.py
[2026-06-02T13:17:45.717+0000] {processor.py:925} INFO - DAG(s) 'create_analytics_mart' retrieved from /opt/airflow/dags/create_mart_dag.py
[2026-06-02T13:17:45.745+0000] {logging_mixin.py:190} INFO - [2026-06-02T13:17:45.745+0000] {dag.py:3239} INFO - Sync 1 DAGs
[2026-06-02T13:17:45.774+0000] {logging_mixin.py:190} INFO - [2026-06-02T13:17:45.774+0000] {dag.py:4180} INFO - Setting next_dagrun for create_analytics_mart to 2026-06-02 02:00:00+00:00, run_after=2026-06-03 02:00:00+00:00
[2026-06-02T13:17:45.798+0000] {processor.py:208} INFO - Processing /opt/airflow/dags/create_mart_dag.py took 0.123 seconds
[2026-06-02T13:18:15.900+0000] {processor.py:186} INFO - Started process (PID=256) to work on /opt/airflow/dags/create_mart_dag.py
[2026-06-02T13:18:15.901+0000] {processor.py:914} INFO - Processing file /opt/airflow/dags/create_mart_dag.py for tasks to queue
[2026-06-02T13:18:15.906+0000] {logging_mixin.py:190} INFO - [2026-06-02T13:18:15.905+0000] {dagbag.py:588} INFO - Filling up the DagBag from /opt/airflow/dags/create_mart_dag.py
[2026-06-02T13:18:15.937+0000] {processor.py:925} INFO - DAG(s) 'create_analytics_mart' retrieved from /opt/airflow/dags/create_mart_dag.py
[2026-06-02T13:18:15.969+0000] {logging_mixin.py:190} INFO - [2026-06-02T13:18:15.969+0000] {dag.py:3239} INFO - Sync 1 DAGs
[2026-06-02T13:18:15.995+0000] {logging_mixin.py:190} INFO - [2026-06-02T13:18:15.995+0000] {dag.py:4180} INFO - Setting next_dagrun for create_analytics_mart to 2026-06-02 02:00:00+00:00, run_after=2026-06-03 02:00:00+00:00
[2026-06-02T13:18:16.020+0000] {processor.py:208} INFO - Processing /opt/airflow/dags/create_mart_dag.py took 0.126 seconds
[2026-06-02T13:18:46.217+0000] {processor.py:186} INFO - Started process (PID=268) to work on /opt/airflow/dags/create_mart_dag.py
[2026-06-02T13:18:46.218+0000] {processor.py:914} INFO - Processing file /opt/airflow/dags/create_mart_dag.py for tasks to queue
[2026-06-02T13:18:46.221+0000] {logging_mixin.py:190} INFO - [2026-06-02T13:18:46.221+0000] {dagbag.py:588} INFO - Filling up the DagBag from /opt/airflow/dags/create_mart_dag.py
[2026-06-02T13:18:46.251+0000] {processor.py:925} INFO - DAG(s) 'create_analytics_mart' retrieved from /opt/airflow/dags/create_mart_dag.py
[2026-06-02T13:18:46.280+0000] {logging_mixin.py:190} INFO - [2026-06-02T13:18:46.280+0000] {dag.py:3239} INFO - Sync 1 DAGs
[2026-06-02T13:18:46.303+0000] {logging_mixin.py:190} INFO - [2026-06-02T13:18:46.303+0000] {dag.py:4180} INFO - Setting next_dagrun for create_analytics_mart to 2026-06-02 02:00:00+00:00, run_after=2026-06-03 02:00:00+00:00
[2026-06-02T13:18:46.325+0000] {processor.py:208} INFO - Processing /opt/airflow/dags/create_mart_dag.py took 0.113 seconds
[2026-06-02T13:19:16.436+0000] {processor.py:186} INFO - Started process (PID=279) to work on /opt/airflow/dags/create_mart_dag.py
[2026-06-02T13:19:16.437+0000] {processor.py:914} INFO - Processing file /opt/airflow/dags/create_mart_dag.py for tasks to queue
[2026-06-02T13:19:16.442+0000] {logging_mixin.py:190} INFO - [2026-06-02T13:19:16.441+0000] {dagbag.py:588} INFO - Filling up the DagBag from /opt/airflow/dags/create_mart_dag.py
[2026-06-02T13:19:16.477+0000] {processor.py:925} INFO - DAG(s) 'create_analytics_mart' retrieved from /opt/airflow/dags/create_mart_dag.py
[2026-06-02T13:19:16.510+0000] {logging_mixin.py:190} INFO - [2026-06-02T13:19:16.509+0000] {dag.py:3239} INFO - Sync 1 DAGs
[2026-06-02T13:19:16.534+0000] {logging_mixin.py:190} INFO - [2026-06-02T13:19:16.534+0000] {dag.py:4180} INFO - Setting next_dagrun for create_analytics_mart to 2026-06-02 02:00:00+00:00, run_after=2026-06-03 02:00:00+00:00
[2026-06-02T13:19:16.556+0000] {processor.py:208} INFO - Processing /opt/airflow/dags/create_mart_dag.py took 0.128 seconds
[2026-06-02T13:19:46.793+0000] {processor.py:186} INFO - Started process (PID=290) to work on /opt/airflow/dags/create_mart_dag.py
[2026-06-02T13:19:46.794+0000] {processor.py:914} INFO - Processing file /opt/airflow/dags/create_mart_dag.py for tasks to queue
[2026-06-02T13:19:46.798+0000] {logging_mixin.py:190} INFO - [2026-06-02T13:19:46.797+0000] {dagbag.py:588} INFO - Filling up the DagBag from /opt/airflow/dags/create_mart_dag.py
[2026-06-02T13:19:46.827+0000] {processor.py:925} INFO - DAG(s) 'create_analytics_mart' retrieved from /opt/airflow/dags/create_mart_dag.py
[2026-06-02T13:19:46.855+0000] {logging_mixin.py:190} INFO - [2026-06-02T13:19:46.855+0000] {dag.py:3239} INFO - Sync 1 DAGs
[2026-06-02T13:19:46.880+0000] {logging_mixin.py:190} INFO - [2026-06-02T13:19:46.879+0000] {dag.py:4180} INFO - Setting next_dagrun for create_analytics_mart to 2026-06-02 02:00:00+00:00, run_after=2026-06-03 02:00:00+00:00
[2026-06-02T13:19:46.899+0000] {processor.py:208} INFO - Processing /opt/airflow/dags/create_mart_dag.py took 0.112 seconds
[2026-06-02T13:20:17.015+0000] {processor.py:186} INFO - Started process (PID=301) to work on /opt/airflow/dags/create_mart_dag.py
[2026-06-02T13:20:17.016+0000] {processor.py:914} INFO - Processing file /opt/airflow/dags/create_mart_dag.py for tasks to queue
[2026-06-02T13:20:17.020+0000] {logging_mixin.py:190} INFO - [2026-06-02T13:20:17.019+0000] {dagbag.py:588} INFO - Filling up the DagBag from /opt/airflow/dags/create_mart_dag.py
[2026-06-02T13:20:17.052+0000] {processor.py:925} INFO - DAG(s) 'create_analytics_mart' retrieved from /opt/airflow/dags/create_mart_dag.py
[2026-06-02T13:20:17.083+0000] {logging_mixin.py:190} INFO - [2026-06-02T13:20:17.083+0000] {dag.py:3239} INFO - Sync 1 DAGs
[2026-06-02T13:20:17.113+0000] {logging_mixin.py:190} INFO - [2026-06-02T13:20:17.112+0000] {dag.py:4180} INFO - Setting next_dagrun for create_analytics_mart to 2026-06-02 02:00:00+00:00, run_after=2026-06-03 02:00:00+00:00
[2026-06-02T13:20:17.136+0000] {processor.py:208} INFO - Processing /opt/airflow/dags/create_mart_dag.py took 0.128 seconds
[2026-06-02T13:20:47.332+0000] {processor.py:186} INFO - Started process (PID=312) to work on /opt/airflow/dags/create_mart_dag.py
[2026-06-02T13:20:47.333+0000] {processor.py:914} INFO - Processing file /opt/airflow/dags/create_mart_dag.py for tasks to queue
[2026-06-02T13:20:47.335+0000] {logging_mixin.py:190} INFO - [2026-06-02T13:20:47.335+0000] {dagbag.py:588} INFO - Filling up the DagBag from /opt/airflow/dags/create_mart_dag.py
[2026-06-02T13:20:47.369+0000] {processor.py:925} INFO - DAG(s) 'create_analytics_mart' retrieved from /opt/airflow/dags/create_mart_dag.py
[2026-06-02T13:20:47.404+0000] {logging_mixin.py:190} INFO - [2026-06-02T13:20:47.404+0000] {dag.py:3239} INFO - Sync 1 DAGs
[2026-06-02T13:20:47.431+0000] {logging_mixin.py:190} INFO - [2026-06-02T13:20:47.431+0000] {dag.py:4180} INFO - Setting next_dagrun for create_analytics_mart to 2026-06-02 02:00:00+00:00, run_after=2026-06-03 02:00:00+00:00
[2026-06-02T13:20:47.453+0000] {processor.py:208} INFO - Processing /opt/airflow/dags/create_mart_dag.py took 0.126 seconds
[2026-06-02T13:21:17.608+0000] {processor.py:186} INFO - Started process (PID=324) to work on /opt/airflow/dags/create_mart_dag.py
[2026-06-02T13:21:17.609+0000] {processor.py:914} INFO - Processing file /opt/airflow/dags/create_mart_dag.py for tasks to queue
[2026-06-02T13:21:17.612+0000] {logging_mixin.py:190} INFO - [2026-06-02T13:21:17.612+0000] {dagbag.py:588} INFO - Filling up the DagBag from /opt/airflow/dags/create_mart_dag.py
[2026-06-02T13:21:17.641+0000] {processor.py:925} INFO - DAG(s) 'create_analytics_mart' retrieved from /opt/airflow/dags/create_mart_dag.py
[2026-06-02T13:21:17.671+0000] {logging_mixin.py:190} INFO - [2026-06-02T13:21:17.671+0000] {dag.py:3239} INFO - Sync 1 DAGs
[2026-06-02T13:21:17.701+0000] {logging_mixin.py:190} INFO - [2026-06-02T13:21:17.700+0000] {dag.py:4180} INFO - Setting next_dagrun for create_analytics_mart to 2026-06-02 02:00:00+00:00, run_after=2026-06-03 02:00:00+00:00
[2026-06-02T13:21:17.729+0000] {processor.py:208} INFO - Processing /opt/airflow/dags/create_mart_dag.py took 0.127 seconds
[2026-06-02T13:21:47.986+0000] {processor.py:186} INFO - Started process (PID=338) to work on /opt/airflow/dags/create_mart_dag.py
[2026-06-02T13:21:47.986+0000] {processor.py:914} INFO - Processing file /opt/airflow/dags/create_mart_dag.py for tasks to queue
[2026-06-02T13:21:47.988+0000] {logging_mixin.py:190} INFO - [2026-06-02T13:21:47.988+0000] {dagbag.py:588} INFO - Filling up the DagBag from /opt/airflow/dags/create_mart_dag.py
[2026-06-02T13:21:48.015+0000] {processor.py:925} INFO - DAG(s) 'create_analytics_mart' retrieved from /opt/airflow/dags/create_mart_dag.py
[2026-06-02T13:21:48.045+0000] {logging_mixin.py:190} INFO - [2026-06-02T13:21:48.045+0000] {dag.py:3239} INFO - Sync 1 DAGs
[2026-06-02T13:21:48.070+0000] {logging_mixin.py:190} INFO - [2026-06-02T13:21:48.069+0000] {dag.py:4180} INFO - Setting next_dagrun for create_analytics_mart to 2026-06-02 02:00:00+00:00, run_after=2026-06-03 02:00:00+00:00
[2026-06-02T13:21:48.096+0000] {processor.py:208} INFO - Processing /opt/airflow/dags/create_mart_dag.py took 0.115 seconds
[2026-06-02T13:22:18.253+0000] {processor.py:186} INFO - Started process (PID=349) to work on /opt/airflow/dags/create_mart_dag.py
[2026-06-02T13:22:18.254+0000] {processor.py:914} INFO - Processing file /opt/airflow/dags/create_mart_dag.py for tasks to queue
[2026-06-02T13:22:18.257+0000] {logging_mixin.py:190} INFO - [2026-06-02T13:22:18.257+0000] {dagbag.py:588} INFO - Filling up the DagBag from /opt/airflow/dags/create_mart_dag.py
[2026-06-02T13:22:18.291+0000] {processor.py:925} INFO - DAG(s) 'create_analytics_mart' retrieved from /opt/airflow/dags/create_mart_dag.py
[2026-06-02T13:22:18.325+0000] {logging_mixin.py:190} INFO - [2026-06-02T13:22:18.325+0000] {dag.py:3239} INFO - Sync 1 DAGs
[2026-06-02T13:22:18.353+0000] {logging_mixin.py:190} INFO - [2026-06-02T13:22:18.353+0000] {dag.py:4180} INFO - Setting next_dagrun for create_analytics_mart to 2026-06-02 02:00:00+00:00, run_after=2026-06-03 02:00:00+00:00
[2026-06-02T13:22:18.378+0000] {processor.py:208} INFO - Processing /opt/airflow/dags/create_mart_dag.py took 0.132 seconds
[2026-06-02T13:22:48.631+0000] {processor.py:186} INFO - Started process (PID=360) to work on /opt/airflow/dags/create_mart_dag.py
[2026-06-02T13:22:48.632+0000] {processor.py:914} INFO - Processing file /opt/airflow/dags/create_mart_dag.py for tasks to queue
[2026-06-02T13:22:48.635+0000] {logging_mixin.py:190} INFO - [2026-06-02T13:22:48.635+0000] {dagbag.py:588} INFO - Filling up the DagBag from /opt/airflow/dags/create_mart_dag.py
[2026-06-02T13:22:48.663+0000] {processor.py:925} INFO - DAG(s) 'create_analytics_mart' retrieved from /opt/airflow/dags/create_mart_dag.py
[2026-06-02T13:22:48.694+0000] {logging_mixin.py:190} INFO - [2026-06-02T13:22:48.693+0000] {dag.py:3239} INFO - Sync 1 DAGs
[2026-06-02T13:22:48.721+0000] {logging_mixin.py:190} INFO - [2026-06-02T13:22:48.720+0000] {dag.py:4180} INFO - Setting next_dagrun for create_analytics_mart to 2026-06-02 02:00:00+00:00, run_after=2026-06-03 02:00:00+00:00
[2026-06-02T13:22:48.744+0000] {processor.py:208} INFO - Processing /opt/airflow/dags/create_mart_dag.py took 0.119 seconds
[2026-06-02T13:23:18.893+0000] {processor.py:186} INFO - Started process (PID=371) to work on /opt/airflow/dags/create_mart_dag.py
[2026-06-02T13:23:18.895+0000] {processor.py:914} INFO - Processing file /opt/airflow/dags/create_mart_dag.py for tasks to queue
[2026-06-02T13:23:18.898+0000] {logging_mixin.py:190} INFO - [2026-06-02T13:23:18.898+0000] {dagbag.py:588} INFO - Filling up the DagBag from /opt/airflow/dags/create_mart_dag.py
[2026-06-02T13:23:18.926+0000] {processor.py:925} INFO - DAG(s) 'create_analytics_mart' retrieved from /opt/airflow/dags/create_mart_dag.py
[2026-06-02T13:23:18.963+0000] {logging_mixin.py:190} INFO - [2026-06-02T13:23:18.963+0000] {dag.py:3239} INFO - Sync 1 DAGs
[2026-06-02T13:23:18.992+0000] {logging_mixin.py:190} INFO - [2026-06-02T13:23:18.991+0000] {dag.py:4180} INFO - Setting next_dagrun for create_analytics_mart to 2026-06-02 02:00:00+00:00, run_after=2026-06-03 02:00:00+00:00
[2026-06-02T13:23:19.016+0000] {processor.py:208} INFO - Processing /opt/airflow/dags/create_mart_dag.py took 0.129 seconds
[2026-06-02T13:23:49.257+0000] {processor.py:186} INFO - Started process (PID=385) to work on /opt/airflow/dags/create_mart_dag.py
[2026-06-02T13:23:49.259+0000] {processor.py:914} INFO - Processing file /opt/airflow/dags/create_mart_dag.py for tasks to queue
[2026-06-02T13:23:49.262+0000] {logging_mixin.py:190} INFO - [2026-06-02T13:23:49.262+0000] {dagbag.py:588} INFO - Filling up the DagBag from /opt/airflow/dags/create_mart_dag.py
[2026-06-02T13:23:49.296+0000] {processor.py:925} INFO - DAG(s) 'create_analytics_mart' retrieved from /opt/airflow/dags/create_mart_dag.py
[2026-06-02T13:23:49.335+0000] {logging_mixin.py:190} INFO - [2026-06-02T13:23:49.335+0000] {dag.py:3239} INFO - Sync 1 DAGs
[2026-06-02T13:23:49.369+0000] {logging_mixin.py:190} INFO - [2026-06-02T13:23:49.368+0000] {dag.py:4180} INFO - Setting next_dagrun for create_analytics_mart to 2026-06-02 02:00:00+00:00, run_after=2026-06-03 02:00:00+00:00
[2026-06-02T13:23:49.397+0000] {processor.py:208} INFO - Processing /opt/airflow/dags/create_mart_dag.py took 0.146 seconds
